// Jest Snapshot v1, https://goo.gl/fbAQLP

exports[`preboot feature + stable should wait for app to become stable 1`] = `
"<html><head></head><body><app-root ng-version="17.3.3" ng-server-context="other"><div>[
  "Angola",
  "Namibia",
  "Botswana",
  "Zambia"
]</div></app-root></body></html>"
`;
